INFO 06-12 11:57:54 [__init__.py:44] Available plugins for group vllm.platform_plugins:
INFO 06-12 11:57:54 [__init__.py:46] - ascend -> vllm_ascend:register
INFO 06-12 11:57:54 [__init__.py:49] All plugins in this group will be loaded. Set `VLLM_PLUGINS` to control which plugins to load.
INFO 06-12 11:57:54 [__init__.py:238] Platform plugin ascend is activated
INFO 06-12 11:57:54 [platform.py:60] Breakable cudagraph is force disabled on Ascend because DeepSeek V4 PIECEWISE cudagraph is not supported yet.
/usr/local/python3.11.14/lib/python3.11/site-packages/transformers/loss/loss_for_object_detection.py:27: UserWarning: A NumPy version >=1.22.4 and <2.3.0 is required for this version of SciPy (detected version 2.3.5)
  from scipy.optimize import linear_sum_assignment
2026-06-12 11:57:58,649 - 209095 - ServiceProfiler - INFO - VLLM_USE_V1 not set, auto-detected via vLLM 0.21.0: default 1
WARNING 06-12 11:57:58 [registry.py:960] Model architecture DeepseekV4ForCausalLM is already registered, and will be overwritten by the new model class vllm_ascend.models.deepseek_v4:AscendDeepseekV4ForCausalLM.
WARNING 06-12 11:57:58 [registry.py:960] Model architecture DeepSeekV4MTPModel is already registered, and will be overwritten by the new model class vllm_ascend.models.deepseek_v4_mtp:DeepSeekV4MTP.
ERROR 06-12 11:57:58 [config.py:29] Failed to import Triton kernels. Please make sure your triton version is compatible. Error: No module named 'triton.language.target_info'
INFO 06-12 11:57:58 [__init__.py:110] Registered model loader `<class 'vllm_ascend.model_loader.netloader.netloader.ModelNetLoaderElastic'>` with load format `netloader`
INFO 06-12 11:57:58 [__init__.py:110] Registered model loader `<class 'vllm_ascend.model_loader.rfork.rfork_loader.RForkModelLoader'>` with load format `rfork`
(APIServer pid=209095) INFO 06-12 11:57:58 [utils.py:306] 
(APIServer pid=209095) INFO 06-12 11:57:58 [utils.py:306]        █     █     █▄   ▄█
(APIServer pid=209095) INFO 06-12 11:57:58 [utils.py:306]  ▄▄ ▄█ █     █     █ ▀▄▀ █  version 0.21.0
(APIServer pid=209095) INFO 06-12 11:57:58 [utils.py:306]   █▄█▀ █     █     █     █  model   /home/models/gemma-4-26B-A4B-it
(APIServer pid=209095) INFO 06-12 11:57:58 [utils.py:306]    ▀▀  ▀▀▀▀▀ ▀▀▀▀▀ ▀     ▀
(APIServer pid=209095) INFO 06-12 11:57:58 [utils.py:306] 
(APIServer pid=209095) INFO 06-12 11:57:58 [utils.py:240] non-default args: {'model_tag': '/home/models/gemma-4-26B-A4B-it', 'host': '0.0.0.0', 'port': 8006, 'model': '/home/models/gemma-4-26B-A4B-it', 'trust_remote_code': True, 'served_model_name': ['gemma-4-26B-A4B-it'], 'tensor_parallel_size': 2, 'enable_expert_parallel': True, 'limit_mm_per_prompt': {'image': 1, 'video': 0, 'audio': 0}, 'compilation_config': {'mode': None, 'debug_dump_path': None, 'cache_dir': '', 'compile_cache_save_format': 'binary', 'backend': 'vllm_ascend.compilation.compiler_interface.AscendCompiler', 'custom_ops': ['none'], 'ir_enable_torch_wrap': None, 'splitting_ops': None, 'compile_mm_encoder': False, 'cudagraph_mm_encoder': False, 'encoder_cudagraph_token_budgets': [], 'encoder_cudagraph_max_vision_items_per_batch': 0, 'encoder_cudagraph_max_frames_per_batch': None, 'compile_sizes': None, 'compile_ranges_endpoints': None, 'inductor_compile_config': {'enable_auto_functionalized_v2': False, 'size_asserts': False, 'alignment_asserts': False, 'scalar_asserts': False, 'combo_kernels': True, 'benchmark_combo_kernel': True}, 'inductor_passes': {}, 'cudagraph_mode': <CUDAGraphMode.FULL_DECODE_ONLY: (2, 0)>, 'cudagraph_num_of_warmups': 0, 'cudagraph_capture_sizes': [1, 2, 4, 8], 'cudagraph_copy_inputs': False, 'cudagraph_specialize_lora': True, 'use_inductor_graph_partition': None, 'pass_config': {}, 'max_cudagraph_capture_size': None, 'dynamic_shapes_config': {'type': <DynamicShapesType.BACKED: 'backed'>, 'evaluate_guards': False, 'assume_32_bit_indexing': False}, 'local_cache_dir': None, 'fast_moe_cold_start': None, 'static_all_moe_layers': []}}
(APIServer pid=209095) WARNING 06-12 11:57:58 [envs.py:1866] Unknown vLLM environment variable detected: VLLM_ASCEND_GEMMA4_GRAPH_DEBUG_LIMIT
(APIServer pid=209095) WARNING 06-12 11:57:58 [envs.py:1866] Unknown vLLM environment variable detected: VLLM_ASCEND_GEMMA4_GRAPH_DEBUG
(APIServer pid=209095) INFO 06-12 11:57:58 [model.py:568] Resolved architecture: Gemma4ForConditionalGeneration
(APIServer pid=209095) INFO 06-12 11:57:58 [model.py:1697] Using max model len 262144
(APIServer pid=209095) INFO 06-12 11:57:59 [config.py:101] Gemma4 model has heterogeneous head dimensions (head_dim=256, global_head_dim=512). Forcing TRITON_ATTN backend to prevent mixed-backend numerical divergence.
(APIServer pid=209095) INFO 06-12 11:57:59 [vllm.py:886] Asynchronous scheduling is enabled.
(APIServer pid=209095) INFO 06-12 11:57:59 [kernel.py:212] Final IR op priority after setting platform defaults: IrOpPriorityConfig(rms_norm=['native'], fused_add_rms_norm=['native'])
(APIServer pid=209095) INFO 06-12 11:57:59 [utils.py:174] No quantization signature detected from model files for "/home/models/gemma-4-26B-A4B-it". The model will be loaded as float. To force a quantization method, pass "--quantization <method>" explicitly.
(APIServer pid=209095) WARNING 06-12 11:57:59 [platform.py:943] GPU-specific parameter is not supported on Ascend. parameter=disable_cascade_attn, value=True, action: resetting to False.
(APIServer pid=209095) INFO 06-12 11:57:59 [platform.py:1058] User specified attention backend 'AttentionBackendEnum.TRITON_ATTN'. Note that Ascend NPU will use its registered plugin backend instead. Resetting to None.
(APIServer pid=209095) INFO 06-12 11:57:59 [ascend_config.py:759] Dynamic EPLB is False
(APIServer pid=209095) INFO 06-12 11:57:59 [ascend_config.py:760] The number of redundant experts is 0
(APIServer pid=209095) INFO 06-12 11:57:59 [utils.py:1270] Block size is set to 128 if prefix cache or chunked prefill is enabled.
(APIServer pid=209095) INFO 06-12 11:57:59 [platform.py:666] Set PYTORCH_NPU_ALLOC_CONF=expandable_segments:True
INFO 06-12 11:58:08 [__init__.py:44] Available plugins for group vllm.platform_plugins:
INFO 06-12 11:58:08 [__init__.py:46] - ascend -> vllm_ascend:register
INFO 06-12 11:58:08 [__init__.py:49] All plugins in this group will be loaded. Set `VLLM_PLUGINS` to control which plugins to load.
INFO 06-12 11:58:08 [__init__.py:238] Platform plugin ascend is activated
INFO 06-12 11:58:08 [platform.py:60] Breakable cudagraph is force disabled on Ascend because DeepSeek V4 PIECEWISE cudagraph is not supported yet.
/usr/local/python3.11.14/lib/python3.11/site-packages/transformers/loss/loss_for_object_detection.py:27: UserWarning: A NumPy version >=1.22.4 and <2.3.0 is required for this version of SciPy (detected version 2.3.5)
  from scipy.optimize import linear_sum_assignment
(EngineCore pid=209241) 2026-06-12 11:58:12,305 - 209241 - ServiceProfiler - INFO - VLLM_USE_V1 not set, auto-detected via vLLM 0.21.0: default 1
(EngineCore pid=209241) WARNING 06-12 11:58:12 [registry.py:960] Model architecture DeepseekV4ForCausalLM is already registered, and will be overwritten by the new model class vllm_ascend.models.deepseek_v4:AscendDeepseekV4ForCausalLM.
(EngineCore pid=209241) WARNING 06-12 11:58:12 [registry.py:960] Model architecture DeepSeekV4MTPModel is already registered, and will be overwritten by the new model class vllm_ascend.models.deepseek_v4_mtp:DeepSeekV4MTP.
(EngineCore pid=209241) ERROR 06-12 11:58:12 [config.py:29] Failed to import Triton kernels. Please make sure your triton version is compatible. Error: No module named 'triton.language.target_info'
(EngineCore pid=209241) INFO 06-12 11:58:12 [__init__.py:110] Registered model loader `<class 'vllm_ascend.model_loader.netloader.netloader.ModelNetLoaderElastic'>` with load format `netloader`
(EngineCore pid=209241) INFO 06-12 11:58:12 [__init__.py:110] Registered model loader `<class 'vllm_ascend.model_loader.rfork.rfork_loader.RForkModelLoader'>` with load format `rfork`
(EngineCore pid=209241) INFO 06-12 11:58:12 [core.py:109] Initializing a V1 LLM engine (v0.21.0) with config: model='/home/models/gemma-4-26B-A4B-it', speculative_config=None, tokenizer='/home/models/gemma-4-26B-A4B-it', skip_tokenizer_init=False, tokenizer_mode=auto, revision=None, tokenizer_revision=None, trust_remote_code=True, dtype=torch.bfloat16, max_seq_len=262144, download_dir=None, load_format=auto, tensor_parallel_size=2, pipeline_parallel_size=1, data_parallel_size=1, decode_context_parallel_size=1, dcp_comm_backend=ag_rs, disable_custom_all_reduce=True, quantization=None, quantization_config=None, enforce_eager=False, enable_return_routed_experts=False, kv_cache_dtype=auto, device_config=npu, structured_outputs_config=StructuredOutputsConfig(backend='auto', disable_any_whitespace=False, disable_additional_properties=False, reasoning_parser='', reasoning_parser_plugin='', enable_in_reasoning=False), observability_config=ObservabilityConfig(show_hidden_metrics_for_version=None, otlp_traces_endpoint=None, collect_detailed_traces=None, kv_cache_metrics=False, kv_cache_metrics_sample=0.01, cudagraph_metrics=False, enable_layerwise_nvtx_tracing=False, enable_mfu_metrics=False, enable_mm_processor_stats=False, enable_logging_iteration_details=False), seed=0, served_model_name=gemma-4-26B-A4B-it, enable_prefix_caching=True, enable_chunked_prefill=True, pooler_config=None, compilation_config={'mode': <CompilationMode.VLLM_COMPILE: 3>, 'debug_dump_path': None, 'cache_dir': '', 'compile_cache_save_format': 'binary', 'backend': 'vllm_ascend.compilation.compiler_interface.AscendCompiler', 'custom_ops': ['all'], 'ir_enable_torch_wrap': False, 'splitting_ops': [], 'compile_mm_encoder': False, 'cudagraph_mm_encoder': False, 'encoder_cudagraph_token_budgets': [], 'encoder_cudagraph_max_vision_items_per_batch': 0, 'encoder_cudagraph_max_frames_per_batch': None, 'compile_sizes': [], 'compile_ranges_endpoints': [2048], 'inductor_compile_config': {'enable_auto_functionalized_v2': False, 'size_asserts': False, 'alignment_asserts': False, 'scalar_asserts': False, 'combo_kernels': True, 'benchmark_combo_kernel': True}, 'inductor_passes': {}, 'cudagraph_mode': <CUDAGraphMode.FULL_DECODE_ONLY: (2, 0)>, 'cudagraph_num_of_warmups': 1, 'cudagraph_capture_sizes': [1, 2, 4, 8], 'cudagraph_copy_inputs': False, 'cudagraph_specialize_lora': True, 'use_inductor_graph_partition': False, 'pass_config': {'fuse_norm_quant': False, 'fuse_act_quant': False, 'fuse_attn_quant': False, 'enable_sp': False, 'fuse_gemm_comms': False, 'fuse_allreduce_rms': False, 'fuse_act_padding': False}, 'max_cudagraph_capture_size': 8, 'dynamic_shapes_config': {'type': <DynamicShapesType.BACKED: 'backed'>, 'evaluate_guards': False, 'assume_32_bit_indexing': False}, 'local_cache_dir': None, 'fast_moe_cold_start': True, 'static_all_moe_layers': []}, kernel_config=KernelConfig(ir_op_priority=IrOpPriorityConfig(rms_norm=['native'], fused_add_rms_norm=['native']), enable_flashinfer_autotune=False, moe_backend='auto')
(EngineCore pid=209241) INFO 06-12 11:58:12 [multiproc_executor.py:139] DP group leader: node_rank=0, node_rank_within_dp=0, master_addr=127.0.0.1, mq_connect_ip=192.168.14.218 (local), world_size=2, local_world_size=2
INFO 06-12 11:58:17 [__init__.py:44] Available plugins for group vllm.platform_plugins:
INFO 06-12 11:58:17 [__init__.py:46] - ascend -> vllm_ascend:register
INFO 06-12 11:58:17 [__init__.py:49] All plugins in this group will be loaded. Set `VLLM_PLUGINS` to control which plugins to load.
INFO 06-12 11:58:17 [__init__.py:238] Platform plugin ascend is activated
INFO 06-12 11:58:17 [platform.py:60] Breakable cudagraph is force disabled on Ascend because DeepSeek V4 PIECEWISE cudagraph is not supported yet.
INFO 06-12 11:58:17 [__init__.py:44] Available plugins for group vllm.platform_plugins:
INFO 06-12 11:58:17 [__init__.py:46] - ascend -> vllm_ascend:register
INFO 06-12 11:58:17 [__init__.py:49] All plugins in this group will be loaded. Set `VLLM_PLUGINS` to control which plugins to load.
INFO 06-12 11:58:17 [__init__.py:238] Platform plugin ascend is activated
INFO 06-12 11:58:17 [platform.py:60] Breakable cudagraph is force disabled on Ascend because DeepSeek V4 PIECEWISE cudagraph is not supported yet.
/usr/local/python3.11.14/lib/python3.11/site-packages/transformers/loss/loss_for_object_detection.py:27: UserWarning: A NumPy version >=1.22.4 and <2.3.0 is required for this version of SciPy (detected version 2.3.5)
  from scipy.optimize import linear_sum_assignment
/usr/local/python3.11.14/lib/python3.11/site-packages/transformers/loss/loss_for_object_detection.py:27: UserWarning: A NumPy version >=1.22.4 and <2.3.0 is required for this version of SciPy (detected version 2.3.5)
  from scipy.optimize import linear_sum_assignment
2026-06-12 11:58:20,465 - 209282 - ServiceProfiler - INFO - VLLM_USE_V1 not set, auto-detected via vLLM 0.21.0: default 1
2026-06-12 11:58:20,609 - 209281 - ServiceProfiler - INFO - VLLM_USE_V1 not set, auto-detected via vLLM 0.21.0: default 1
WARNING 06-12 11:58:21 [registry.py:960] Model architecture DeepseekV4ForCausalLM is already registered, and will be overwritten by the new model class vllm_ascend.models.deepseek_v4:AscendDeepseekV4ForCausalLM.
WARNING 06-12 11:58:21 [registry.py:960] Model architecture DeepSeekV4MTPModel is already registered, and will be overwritten by the new model class vllm_ascend.models.deepseek_v4_mtp:DeepSeekV4MTP.
ERROR 06-12 11:58:21 [config.py:29] Failed to import Triton kernels. Please make sure your triton version is compatible. Error: No module named 'triton.language.target_info'
INFO 06-12 11:58:21 [__init__.py:110] Registered model loader `<class 'vllm_ascend.model_loader.netloader.netloader.ModelNetLoaderElastic'>` with load format `netloader`
INFO 06-12 11:58:21 [__init__.py:110] Registered model loader `<class 'vllm_ascend.model_loader.rfork.rfork_loader.RForkModelLoader'>` with load format `rfork`
WARNING 06-12 11:58:21 [registry.py:960] Model architecture DeepseekV4ForCausalLM is already registered, and will be overwritten by the new model class vllm_ascend.models.deepseek_v4:AscendDeepseekV4ForCausalLM.
WARNING 06-12 11:58:21 [registry.py:960] Model architecture DeepSeekV4MTPModel is already registered, and will be overwritten by the new model class vllm_ascend.models.deepseek_v4_mtp:DeepSeekV4MTP.
ERROR 06-12 11:58:21 [config.py:29] Failed to import Triton kernels. Please make sure your triton version is compatible. Error: No module named 'triton.language.target_info'
INFO 06-12 11:58:21 [__init__.py:110] Registered model loader `<class 'vllm_ascend.model_loader.netloader.netloader.ModelNetLoaderElastic'>` with load format `netloader`
INFO 06-12 11:58:21 [__init__.py:110] Registered model loader `<class 'vllm_ascend.model_loader.rfork.rfork_loader.RForkModelLoader'>` with load format `rfork`
`Qwen2VLImageProcessorFast` is deprecated. The `Fast` suffix for image processors has been removed; use `Qwen2VLImageProcessor` instead.
[W612 11:58:21.473127263 OptionRegister.cpp:95] Warning: Current device only support allow_internal_format=False, the requested value True is invalid and has been reverted to False. (function operator())
`Qwen2VLImageProcessorFast` is deprecated. The `Fast` suffix for image processors has been removed; use `Qwen2VLImageProcessor` instead.
[W612 11:58:21.610632483 OptionRegister.cpp:95] Warning: Current device only support allow_internal_format=False, the requested value True is invalid and has been reverted to False. (function operator())
INFO 06-12 11:58:24 [ascend_config.py:759] Dynamic EPLB is False
INFO 06-12 11:58:24 [ascend_config.py:760] The number of redundant experts is 0
INFO 06-12 11:58:24 [ascend_config.py:759] Dynamic EPLB is False
INFO 06-12 11:58:24 [ascend_config.py:760] The number of redundant experts is 0
(Worker pid=209281) INFO 06-12 11:58:26 [parallel_state.py:1410] world_size=2 rank=0 local_rank=0 distributed_init_method=tcp://127.0.0.1:53167 backend=hccl
(Worker pid=209282) INFO 06-12 11:58:26 [parallel_state.py:1410] world_size=2 rank=1 local_rank=1 distributed_init_method=tcp://127.0.0.1:53167 backend=hccl
[W612 11:58:36.358754744 socket.cpp:207] [c10d] The hostname of the client socket cannot be retrieved. err=-3
[W612 11:58:36.381077817 socket.cpp:207] [c10d] The hostname of the client socket cannot be retrieved. err=-3
[Gloo] Rank 1 is connected to 1 peer ranks. Expected number of connected peer ranks is : 1
[Gloo] Rank 0 is connected to 1 peer ranks. Expected number of connected peer ranks is : 1
[Gloo] Rank 1 is connected to 1 peer ranks. Expected number of connected peer ranks is : 1
[Gloo] Rank 0 is connected to 1 peer ranks. Expected number of connected peer ranks is : 1
[Gloo] Rank 0 is connected to 0 peer ranks. Expected number of connected peer ranks is : 0
[Gloo] Rank 0 is connected to 0 peer ranks. Expected number of connected peer ranks is : 0
[Gloo] Rank 0 is connected to 0 peer ranks. Expected number of connected peer ranks is : 0
[Gloo] Rank 0 is connected to 0 peer ranks. Expected number of connected peer ranks is : 0
[Gloo] Rank 0 is connected to 0 peer ranks. Expected number of connected peer ranks is : 0
[Gloo] Rank 0 is connected to 0 peer ranks. Expected number of connected peer ranks is : 0
[Gloo] Rank 0 is connected to 0 peer ranks. Expected number of connected peer ranks is : 0
[Gloo] Rank 0 is connected to 0 peer ranks. Expected number of connected peer ranks is : 0
[Gloo] Rank 1 is connected to 1 peer ranks. Expected number of connected peer ranks is : 1
[Gloo] Rank 0 is connected to 1 peer ranks. Expected number of connected peer ranks is : 1
(Worker pid=209281) INFO 06-12 11:58:36 [parallel_state.py:1723] rank 0 in world size 2 is assigned as DP rank 0, PP rank 0, PCP rank 0, TP rank 0, EP rank 0, EPLB rank N/A
[Gloo] Rank 0 is connected to 1 peer ranks. Expected number of connected peer ranks is : 1
[Gloo] Rank 1 is connected to 1 peer ranks. Expected number of connected peer ranks is : 1
(Worker_TP0_EP0 pid=209281) INFO 06-12 11:58:37 [model_runner_v1.py:3457] Starting to load model /home/models/gemma-4-26B-A4B-it...
(Worker_TP1_EP1 pid=209282) INFO 06-12 11:58:37 [model_runner_v1.py:3457] Starting to load model /home/models/gemma-4-26B-A4B-it...
(Worker_TP1_EP1 pid=209282) INFO 06-12 11:58:37 [kernel.py:212] Final IR op priority after setting platform defaults: IrOpPriorityConfig(rms_norm=['native'], fused_add_rms_norm=['native'])
(Worker_TP1_EP1 pid=209282) INFO 06-12 11:58:37 [utils.py:174] No quantization signature detected from model files for "/home/models/gemma-4-26B-A4B-it". The model will be loaded as float. To force a quantization method, pass "--quantization <method>" explicitly.
(Worker_TP1_EP1 pid=209282) INFO 06-12 11:58:37 [platform.py:666] Set PYTORCH_NPU_ALLOC_CONF=expandable_segments:True
(Worker_TP0_EP0 pid=209281) INFO 06-12 11:58:37 [vllm.py:886] Asynchronous scheduling is enabled.
(Worker_TP0_EP0 pid=209281) INFO 06-12 11:58:37 [kernel.py:212] Final IR op priority after setting platform defaults: IrOpPriorityConfig(rms_norm=['native'], fused_add_rms_norm=['native'])
(Worker_TP0_EP0 pid=209281) INFO 06-12 11:58:37 [utils.py:174] No quantization signature detected from model files for "/home/models/gemma-4-26B-A4B-it". The model will be loaded as float. To force a quantization method, pass "--quantization <method>" explicitly.
(Worker_TP0_EP0 pid=209281) INFO 06-12 11:58:37 [platform.py:666] Set PYTORCH_NPU_ALLOC_CONF=expandable_segments:True
(Worker_TP0_EP0 pid=209281) INFO 06-12 11:58:37 [layer.py:418] [EP Rank 0/2] Expert parallelism is enabled. Expert placement strategy: linear. Local/global number of experts: 64/128. Experts local to global index map: 0->0, 1->1, 2->2, 3->3, 4->4, 5->5, 6->6, 7->7, 8->8, 9->9, 10->10, 11->11, 12->12, 13->13, 14->14, 15->15, 16->16, 17->17, 18->18, 19->19, 20->20, 21->21, 22->22, 23->23, 24->24, 25->25, 26->26, 27->27, 28->28, 29->29, 30->30, 31->31, 32->32, 33->33, 34->34, 35->35, 36->36, 37->37, 38->38, 39->39, 40->40, 41->41, 42->42, 43->43, 44->44, 45->45, 46->46, 47->47, 48->48, 49->49, 50->50, 51->51, 52->52, 53->53, 54->54, 55->55, 56->56, 57->57, 58->58, 59->59, 60->60, 61->61, 62->62, 63->63.
(Worker_TP0_EP0 pid=209281) INFO 06-12 11:58:37 [fused_moe.py:486] [EP Rank 0/2] Expert parallelism is enabled. Local/global number of experts: 64/128. Experts local to global index map: 0->0, 1->1, 2->2, 3->3, 4->4, 5->5, 6->6, 7->7, 8->8, 9->9, 10->10, 11->11, 12->12, 13->13, 14->14, 15->15, 16->16, 17->17, 18->18, 19->19, 20->20, 21->21, 22->22, 23->23, 24->24, 25->25, 26->26, 27->27, 28->28, 29->29, 30->30, 31->31, 32->32, 33->33, 34->34, 35->35, 36->36, 37->37, 38->38, 39->39, 40->40, 41->41, 42->42, 43->43, 44->44, 45->45, 46->46, 47->47, 48->48, 49->49, 50->50, 51->51, 52->52, 53->53, 54->54, 55->55, 56->56, 57->57, 58->58, 59->59, 60->60, 61->61, 62->62, 63->63.
(Worker_TP1_EP1 pid=209282) INFO 06-12 11:58:41 [compilation.py:1049] Using OOT custom backend for compilation.
(Worker_TP0_EP0 pid=209281) INFO 06-12 11:58:41 [compilation.py:1049] Using OOT custom backend for compilation.
(Worker_TP0_EP0 pid=209281) INFO 06-12 11:58:42 [weight_utils.py:938] Filesystem type for checkpoints: EXT4. Checkpoint size: 48.07 GiB. Available RAM: 1211.76 GiB.
(Worker_TP0_EP0 pid=209281) INFO 06-12 11:58:42 [weight_utils.py:961] Auto-prefetch is disabled because the filesystem (EXT4) is not a recognized network FS (NFS/Lustre). If you want to force prefetching, start vLLM with --safetensors-load-strategy=prefetch.
(Worker_TP0_EP0 pid=209281) Loading safetensors checkpoint shards:   0% Completed | 0/2 [00:00<?, ?it/s]
(Worker_TP0_EP0 pid=209281) Loading safetensors checkpoint shards:  50% Completed | 1/2 [00:02<00:02,  2.30s/it]
(Worker_TP0_EP0 pid=209281) Loading safetensors checkpoint shards: 100% Completed | 2/2 [00:02<00:00,  1.14s/it]
(Worker_TP0_EP0 pid=209281) Loading safetensors checkpoint shards: 100% Completed | 2/2 [00:02<00:00,  1.31s/it]
(Worker_TP0_EP0 pid=209281) 
(Worker_TP0_EP0 pid=209281) INFO 06-12 11:58:44 [default_loader.py:397] Loading weights took 2.64 seconds
(Worker_TP1_EP1 pid=209282) INFO 06-12 11:58:45 [model_runner_v1.py:3504] Loading model weights took 25.2170 GB
(Worker_TP0_EP0 pid=209281) INFO 06-12 11:58:45 [model_runner_v1.py:3504] Loading model weights took 25.2170 GB
(Worker_TP1_EP1 pid=209282) INFO 06-12 11:58:46 [debug_utils.py:49] [gemma4-graph-debug] model forward runtime=NONE batch=BatchDescriptor(num_tokens=8, num_reqs=None, uniform=False, has_lora=False, num_active_loras=0) capturing=False num_tokens_padded=8 num_actual_tokens=8 input_ids_shape=(8,) positions_shape=(8,) inputs_embeds_shape=(8, 2816) supports_mm_inputs=True
(Worker_TP0_EP0 pid=209281) INFO 06-12 11:58:46 [debug_utils.py:49] [gemma4-graph-debug] model forward runtime=NONE batch=BatchDescriptor(num_tokens=8, num_reqs=None, uniform=False, has_lora=False, num_active_loras=0) capturing=False num_tokens_padded=8 num_actual_tokens=8 input_ids_shape=(8,) positions_shape=(8,) inputs_embeds_shape=(8, 2816) supports_mm_inputs=True
(Worker_TP1_EP1 pid=209282) WARNING 06-12 11:58:47 [decorators.py:321] Compiling model again due to a load failure from /root/.cache/vllm/torch_compile_cache/torch_aot_compile/737c8cb4b85070c28666718497fa66e25a6b832a90c215723164144e986942ec/rank_1_0/model, reason: Source code has changed since the last compilation. Recompiling the model.
(Worker_TP0_EP0 pid=209281) WARNING 06-12 11:58:47 [decorators.py:321] Compiling model again due to a load failure from /root/.cache/vllm/torch_compile_cache/torch_aot_compile/737c8cb4b85070c28666718497fa66e25a6b832a90c215723164144e986942ec/rank_0_0/model, reason: Source code has changed since the last compilation. Recompiling the model.
(Worker_TP1_EP1 pid=209282) INFO 06-12 11:58:50 [compiler_interface.py:224] AscendCompiler hash factors: {'torch_npu_version': '2.10.0', 'enable_npugraph_ex': True, 'enable_static_kernel': False}
(Worker_TP0_EP0 pid=209281) INFO 06-12 11:58:50 [compiler_interface.py:224] AscendCompiler hash factors: {'torch_npu_version': '2.10.0', 'enable_npugraph_ex': True, 'enable_static_kernel': False}
(Worker_TP0_EP0 pid=209281) INFO 06-12 11:58:50 [backends.py:1089] Using cache directory: /root/.cache/vllm/torch_compile_cache/2ecb93e70c/rank_0_0/backbone for vLLM's torch.compile
(Worker_TP0_EP0 pid=209281) INFO 06-12 11:58:50 [backends.py:1148] Dynamo bytecode transform time: 3.94 s
(Worker_TP0_EP0 pid=209281) INFO 06-12 11:58:51 [compiler_interface.py:261] enable_npugraph_ex is enabled, which will bring graph compilation optimization.
(Worker_TP1_EP1 pid=209282) INFO 06-12 11:58:59 [compiler_interface.py:175] Saved compiled graph to cache: /root/.cache/vllm/torch_compile_cache/2ecb93e70c/rank_1_0/backbone/artifact_compile_range_1_2048_subgraph_0
(Worker_TP0_EP0 pid=209281) INFO 06-12 11:58:59 [compiler_interface.py:175] Saved compiled graph to cache: /root/.cache/vllm/torch_compile_cache/2ecb93e70c/rank_0_0/backbone/artifact_compile_range_1_2048_subgraph_0
(Worker_TP0_EP0 pid=209281) INFO 06-12 11:58:59 [backends.py:378] Cache the graph of compile range (1, 2048) for later use
(Worker_TP0_EP0 pid=209281) INFO 06-12 11:58:59 [backends.py:393] Compiling a graph for compile range (1, 2048) takes 8.11 s
[rank1]:[W612 11:59:00.083174572 TensorFactories.cpp:340] Warning: Cannot create tensor with interal format while allow_internel_format=False, tensor will be created with base format. (function operator())
(Worker_TP0_EP0 pid=209281) INFO 06-12 11:59:00 [decorators.py:708] saved AOT compiled function to /root/.cache/vllm/torch_compile_cache/torch_aot_compile/737c8cb4b85070c28666718497fa66e25a6b832a90c215723164144e986942ec/rank_0_0/model
(Worker_TP0_EP0 pid=209281) INFO 06-12 11:59:00 [monitor.py:53] torch.compile took 13.60 s in total
[rank0]:[W612 11:59:00.275448802 TensorFactories.cpp:340] Warning: Cannot create tensor with interal format while allow_internel_format=False, tensor will be created with base format. (function operator())
(Worker_TP0_EP0 pid=209281) INFO 06-12 11:59:00 [debug_utils.py:49] [gemma4-graph-debug] moe prepare mc2 tp_rank=0/2 global_actual=8 global_padded=8 local_start=0 local_active=4 local_total=4 mask_numel=4 replace_allreduce=False shared_expert_dp=False
(Worker_TP0_EP0 pid=209281) INFO 06-12 11:59:00 [fused_moe.py:96] Masking padded MoE tokens in graph mode: layer=language_model.model.layers.0.moe.experts activation=MoEActivation.GELU_TANH moe_comm_type=MoECommType.MC2 num_actual_tokens=8 total=4
(Worker_TP0_EP0 pid=209281) INFO 06-12 11:59:00 [debug_utils.py:49] [gemma4-graph-debug] moe mask layer=language_model.model.layers.0.moe.experts activation=MoEActivation.GELU_TANH capturing=False moe_comm_type=MoECommType.MC2 global_actual=8 local_total=4 mask_numel=4 x_shape=(4, 2816) router_shape=(4, 128)
(Worker_TP1_EP1 pid=209282) INFO 06-12 11:59:01 [debug_utils.py:49] [gemma4-graph-debug] moe prepare mc2 tp_rank=1/2 global_actual=8 global_padded=8 local_start=4 local_active=4 local_total=4 mask_numel=4 replace_allreduce=False shared_expert_dp=False
(Worker_TP1_EP1 pid=209282) INFO 06-12 11:59:01 [debug_utils.py:49] [gemma4-graph-debug] moe mask layer=language_model.model.layers.0.moe.experts activation=MoEActivation.GELU_TANH capturing=False moe_comm_type=MoECommType.MC2 global_actual=8 local_total=4 mask_numel=4 x_shape=(4, 2816) router_shape=(4, 128)
(Worker_TP1_EP1 pid=209282) INFO 06-12 11:59:01 [debug_utils.py:49] [gemma4-graph-debug] moe prepare mc2 tp_rank=1/2 global_actual=8 global_padded=8 local_start=4 local_active=4 local_total=4 mask_numel=4 replace_allreduce=False shared_expert_dp=False
(Worker_TP1_EP1 pid=209282) INFO 06-12 11:59:01 [debug_utils.py:49] [gemma4-graph-debug] moe mask layer=language_model.model.layers.1.moe.experts activation=MoEActivation.GELU_TANH capturing=False moe_comm_type=MoECommType.MC2 global_actual=8 local_total=4 mask_numel=4 x_shape=(4, 2816) router_shape=(4, 128)
(Worker_TP0_EP0 pid=209281) INFO 06-12 11:59:01 [debug_utils.py:49] [gemma4-graph-debug] moe prepare mc2 tp_rank=0/2 global_actual=8 global_padded=8 local_start=0 local_active=4 local_total=4 mask_numel=4 replace_allreduce=False shared_expert_dp=False
(Worker_TP0_EP0 pid=209281) INFO 06-12 11:59:01 [fused_moe.py:96] Masking padded MoE tokens in graph mode: layer=language_model.model.layers.1.moe.experts activation=MoEActivation.GELU_TANH moe_comm_type=MoECommType.MC2 num_actual_tokens=8 total=4
(Worker_TP0_EP0 pid=209281) INFO 06-12 11:59:01 [debug_utils.py:49] [gemma4-graph-debug] moe mask layer=language_model.model.layers.1.moe.experts activation=MoEActivation.GELU_TANH capturing=False moe_comm_type=MoECommType.MC2 global_actual=8 local_total=4 mask_numel=4 x_shape=(4, 2816) router_shape=(4, 128)
(Worker_TP1_EP1 pid=209282) INFO 06-12 11:59:01 [debug_utils.py:49] [gemma4-graph-debug] moe prepare mc2 tp_rank=1/2 global_actual=8 global_padded=8 local_start=4 local_active=4 local_total=4 mask_numel=4 replace_allreduce=False shared_expert_dp=False
(Worker_TP1_EP1 pid=209282) INFO 06-12 11:59:01 [debug_utils.py:49] [gemma4-graph-debug] moe mask layer=language_model.model.layers.2.moe.experts activation=MoEActivation.GELU_TANH capturing=False moe_comm_type=MoECommType.MC2 global_actual=8 local_total=4 mask_numel=4 x_shape=(4, 2816) router_shape=(4, 128)
(Worker_TP0_EP0 pid=209281) INFO 06-12 11:59:01 [debug_utils.py:49] [gemma4-graph-debug] moe prepare mc2 tp_rank=0/2 global_actual=8 global_padded=8 local_start=0 local_active=4 local_total=4 mask_numel=4 replace_allreduce=False shared_expert_dp=False
(Worker_TP0_EP0 pid=209281) INFO 06-12 11:59:01 [fused_moe.py:96] Masking padded MoE tokens in graph mode: layer=language_model.model.layers.2.moe.experts activation=MoEActivation.GELU_TANH moe_comm_type=MoECommType.MC2 num_actual_tokens=8 total=4
(Worker_TP0_EP0 pid=209281) INFO 06-12 11:59:01 [debug_utils.py:49] [gemma4-graph-debug] moe mask layer=language_model.model.layers.2.moe.experts activation=MoEActivation.GELU_TANH capturing=False moe_comm_type=MoECommType.MC2 global_actual=8 local_total=4 mask_numel=4 x_shape=(4, 2816) router_shape=(4, 128)
(Worker_TP1_EP1 pid=209282) INFO 06-12 11:59:01 [debug_utils.py:49] [gemma4-graph-debug] moe prepare mc2 tp_rank=1/2 global_actual=8 global_padded=8 local_start=4 local_active=4 local_total=4 mask_numel=4 replace_allreduce=False shared_expert_dp=False
(Worker_TP1_EP1 pid=209282) INFO 06-12 11:59:01 [debug_utils.py:49] [gemma4-graph-debug] moe mask layer=language_model.model.layers.3.moe.experts activation=MoEActivation.GELU_TANH capturing=False moe_comm_type=MoECommType.MC2 global_actual=8 local_total=4 mask_numel=4 x_shape=(4, 2816) router_shape=(4, 128)
(Worker_TP0_EP0 pid=209281) INFO 06-12 11:59:01 [debug_utils.py:49] [gemma4-graph-debug] moe prepare mc2 tp_rank=0/2 global_actual=8 global_padded=8 local_start=0 local_active=4 local_total=4 mask_numel=4 replace_allreduce=False shared_expert_dp=False
(Worker_TP0_EP0 pid=209281) INFO 06-12 11:59:01 [fused_moe.py:96] Masking padded MoE tokens in graph mode: layer=language_model.model.layers.3.moe.experts activation=MoEActivation.GELU_TANH moe_comm_type=MoECommType.MC2 num_actual_tokens=8 total=4
(Worker_TP0_EP0 pid=209281) INFO 06-12 11:59:01 [debug_utils.py:49] [gemma4-graph-debug] moe mask layer=language_model.model.layers.3.moe.experts activation=MoEActivation.GELU_TANH capturing=False moe_comm_type=MoECommType.MC2 global_actual=8 local_total=4 mask_numel=4 x_shape=(4, 2816) router_shape=(4, 128)
(Worker_TP1_EP1 pid=209282) INFO 06-12 11:59:01 [debug_utils.py:49] [gemma4-graph-debug] moe prepare mc2 tp_rank=1/2 global_actual=8 global_padded=8 local_start=4 local_active=4 local_total=4 mask_numel=4 replace_allreduce=False shared_expert_dp=False
(Worker_TP1_EP1 pid=209282) INFO 06-12 11:59:01 [debug_utils.py:49] [gemma4-graph-debug] moe mask layer=language_model.model.layers.4.moe.experts activation=MoEActivation.GELU_TANH capturing=False moe_comm_type=MoECommType.MC2 global_actual=8 local_total=4 mask_numel=4 x_shape=(4, 2816) router_shape=(4, 128)
(Worker_TP0_EP0 pid=209281) INFO 06-12 11:59:01 [debug_utils.py:49] [gemma4-graph-debug] moe prepare mc2 tp_rank=0/2 global_actual=8 global_padded=8 local_start=0 local_active=4 local_total=4 mask_numel=4 replace_allreduce=False shared_expert_dp=False
(Worker_TP0_EP0 pid=209281) INFO 06-12 11:59:01 [fused_moe.py:96] Masking padded MoE tokens in graph mode: layer=language_model.model.layers.4.moe.experts activation=MoEActivation.GELU_TANH moe_comm_type=MoECommType.MC2 num_actual_tokens=8 total=4
(Worker_TP0_EP0 pid=209281) INFO 06-12 11:59:01 [debug_utils.py:49] [gemma4-graph-debug] moe mask layer=language_model.model.layers.4.moe.experts activation=MoEActivation.GELU_TANH capturing=False moe_comm_type=MoECommType.MC2 global_actual=8 local_total=4 mask_numel=4 x_shape=(4, 2816) router_shape=(4, 128)
(Worker_TP1_EP1 pid=209282) INFO 06-12 11:59:01 [debug_utils.py:49] [gemma4-graph-debug] moe prepare mc2 tp_rank=1/2 global_actual=8 global_padded=8 local_start=4 local_active=4 local_total=4 mask_numel=4 replace_allreduce=False shared_expert_dp=False
(Worker_TP1_EP1 pid=209282) INFO 06-12 11:59:01 [debug_utils.py:49] [gemma4-graph-debug] moe mask layer=language_model.model.layers.5.moe.experts activation=MoEActivation.GELU_TANH capturing=False moe_comm_type=MoECommType.MC2 global_actual=8 local_total=4 mask_numel=4 x_shape=(4, 2816) router_shape=(4, 128)
(Worker_TP0_EP0 pid=209281) INFO 06-12 11:59:01 [debug_utils.py:49] [gemma4-graph-debug] moe prepare mc2 tp_rank=0/2 global_actual=8 global_padded=8 local_start=0 local_active=4 local_total=4 mask_numel=4 replace_allreduce=False shared_expert_dp=False
(Worker_TP0_EP0 pid=209281) INFO 06-12 11:59:01 [fused_moe.py:96] Masking padded MoE tokens in graph mode: layer=language_model.model.layers.5.moe.experts activation=MoEActivation.GELU_TANH moe_comm_type=MoECommType.MC2 num_actual_tokens=8 total=4
(Worker_TP0_EP0 pid=209281) INFO 06-12 11:59:01 [debug_utils.py:49] [gemma4-graph-debug] moe mask layer=language_model.model.layers.5.moe.experts activation=MoEActivation.GELU_TANH capturing=False moe_comm_type=MoECommType.MC2 global_actual=8 local_total=4 mask_numel=4 x_shape=(4, 2816) router_shape=(4, 128)
(Worker_TP1_EP1 pid=209282) INFO 06-12 11:59:01 [debug_utils.py:49] [gemma4-graph-debug] moe prepare mc2 tp_rank=1/2 global_actual=8 global_padded=8 local_start=4 local_active=4 local_total=4 mask_numel=4 replace_allreduce=False shared_expert_dp=False
(Worker_TP1_EP1 pid=209282) INFO 06-12 11:59:01 [debug_utils.py:49] [gemma4-graph-debug] moe mask layer=language_model.model.layers.6.moe.experts activation=MoEActivation.GELU_TANH capturing=False moe_comm_type=MoECommType.MC2 global_actual=8 local_total=4 mask_numel=4 x_shape=(4, 2816) router_shape=(4, 128)
(Worker_TP0_EP0 pid=209281) INFO 06-12 11:59:01 [debug_utils.py:49] [gemma4-graph-debug] moe prepare mc2 tp_rank=0/2 global_actual=8 global_padded=8 local_start=0 local_active=4 local_total=4 mask_numel=4 replace_allreduce=False shared_expert_dp=False
(Worker_TP0_EP0 pid=209281) INFO 06-12 11:59:01 [fused_moe.py:96] Masking padded MoE tokens in graph mode: layer=language_model.model.layers.6.moe.experts activation=MoEActivation.GELU_TANH moe_comm_type=MoECommType.MC2 num_actual_tokens=8 total=4
(Worker_TP0_EP0 pid=209281) INFO 06-12 11:59:01 [debug_utils.py:49] [gemma4-graph-debug] moe mask layer=language_model.model.layers.6.moe.experts activation=MoEActivation.GELU_TANH capturing=False moe_comm_type=MoECommType.MC2 global_actual=8 local_total=4 mask_numel=4 x_shape=(4, 2816) router_shape=(4, 128)
(Worker_TP1_EP1 pid=209282) INFO 06-12 11:59:01 [debug_utils.py:49] [gemma4-graph-debug] moe prepare mc2 tp_rank=1/2 global_actual=8 global_padded=8 local_start=4 local_active=4 local_total=4 mask_numel=4 replace_allreduce=False shared_expert_dp=False
(Worker_TP1_EP1 pid=209282) INFO 06-12 11:59:01 [debug_utils.py:49] [gemma4-graph-debug] moe mask layer=language_model.model.layers.7.moe.experts activation=MoEActivation.GELU_TANH capturing=False moe_comm_type=MoECommType.MC2 global_actual=8 local_total=4 mask_numel=4 x_shape=(4, 2816) router_shape=(4, 128)
(Worker_TP0_EP0 pid=209281) INFO 06-12 11:59:01 [debug_utils.py:49] [gemma4-graph-debug] moe prepare mc2 tp_rank=0/2 global_actual=8 global_padded=8 local_start=0 local_active=4 local_total=4 mask_numel=4 replace_allreduce=False shared_expert_dp=False
(Worker_TP0_EP0 pid=209281) INFO 06-12 11:59:01 [fused_moe.py:96] Masking padded MoE tokens in graph mode: layer=language_model.model.layers.7.moe.experts activation=MoEActivation.GELU_TANH moe_comm_type=MoECommType.MC2 num_actual_tokens=8 total=4
(Worker_TP0_EP0 pid=209281) INFO 06-12 11:59:01 [debug_utils.py:49] [gemma4-graph-debug] moe mask layer=language_model.model.layers.7.moe.experts activation=MoEActivation.GELU_TANH capturing=False moe_comm_type=MoECommType.MC2 global_actual=8 local_total=4 mask_numel=4 x_shape=(4, 2816) router_shape=(4, 128)
(Worker_TP1_EP1 pid=209282) INFO 06-12 11:59:01 [debug_utils.py:49] [gemma4-graph-debug] moe prepare mc2 tp_rank=1/2 global_actual=8 global_padded=8 local_start=4 local_active=4 local_total=4 mask_numel=4 replace_allreduce=False shared_expert_dp=False
(Worker_TP1_EP1 pid=209282) INFO 06-12 11:59:01 [debug_utils.py:49] [gemma4-graph-debug] moe mask layer=language_model.model.layers.8.moe.experts activation=MoEActivation.GELU_TANH capturing=False moe_comm_type=MoECommType.MC2 global_actual=8 local_total=4 mask_numel=4 x_shape=(4, 2816) router_shape=(4, 128)
(Worker_TP0_EP0 pid=209281) INFO 06-12 11:59:01 [debug_utils.py:49] [gemma4-graph-debug] moe prepare mc2 tp_rank=0/2 global_actual=8 global_padded=8 local_start=0 local_active=4 local_total=4 mask_numel=4 replace_allreduce=False shared_expert_dp=False
(Worker_TP0_EP0 pid=209281) INFO 06-12 11:59:01 [fused_moe.py:96] Masking padded MoE tokens in graph mode: layer=language_model.model.layers.8.moe.experts activation=MoEActivation.GELU_TANH moe_comm_type=MoECommType.MC2 num_actual_tokens=8 total=4
(Worker_TP0_EP0 pid=209281) INFO 06-12 11:59:01 [debug_utils.py:49] [gemma4-graph-debug] moe mask layer=language_model.model.layers.8.moe.experts activation=MoEActivation.GELU_TANH capturing=False moe_comm_type=MoECommType.MC2 global_actual=8 local_total=4 mask_numel=4 x_shape=(4, 2816) router_shape=(4, 128)
(Worker_TP1_EP1 pid=209282) INFO 06-12 11:59:01 [debug_utils.py:49] [gemma4-graph-debug] moe prepare mc2 tp_rank=1/2 global_actual=8 global_padded=8 local_start=4 local_active=4 local_total=4 mask_numel=4 replace_allreduce=False shared_expert_dp=False
(Worker_TP1_EP1 pid=209282) INFO 06-12 11:59:01 [debug_utils.py:49] [gemma4-graph-debug] moe mask layer=language_model.model.layers.9.moe.experts activation=MoEActivation.GELU_TANH capturing=False moe_comm_type=MoECommType.MC2 global_actual=8 local_total=4 mask_numel=4 x_shape=(4, 2816) router_shape=(4, 128)
(Worker_TP0_EP0 pid=209281) INFO 06-12 11:59:01 [debug_utils.py:49] [gemma4-graph-debug] moe prepare mc2 tp_rank=0/2 global_actual=8 global_padded=8 local_start=0 local_active=4 local_total=4 mask_numel=4 replace_allreduce=False shared_expert_dp=False
(Worker_TP0_EP0 pid=209281) INFO 06-12 11:59:01 [fused_moe.py:96] Masking padded MoE tokens in graph mode: layer=language_model.model.layers.9.moe.experts activation=MoEActivation.GELU_TANH moe_comm_type=MoECommType.MC2 num_actual_tokens=8 total=4
(Worker_TP0_EP0 pid=209281) INFO 06-12 11:59:01 [debug_utils.py:49] [gemma4-graph-debug] moe mask layer=language_model.model.layers.9.moe.experts activation=MoEActivation.GELU_TANH capturing=False moe_comm_type=MoECommType.MC2 global_actual=8 local_total=4 mask_numel=4 x_shape=(4, 2816) router_shape=(4, 128)
(Worker_TP1_EP1 pid=209282) INFO 06-12 11:59:01 [debug_utils.py:49] [gemma4-graph-debug] moe prepare mc2 tp_rank=1/2 global_actual=8 global_padded=8 local_start=4 local_active=4 local_total=4 mask_numel=4 replace_allreduce=False shared_expert_dp=False
(Worker_TP1_EP1 pid=209282) INFO 06-12 11:59:01 [debug_utils.py:49] [gemma4-graph-debug] moe mask layer=language_model.model.layers.10.moe.experts activation=MoEActivation.GELU_TANH capturing=False moe_comm_type=MoECommType.MC2 global_actual=8 local_total=4 mask_numel=4 x_shape=(4, 2816) router_shape=(4, 128)
(Worker_TP0_EP0 pid=209281) INFO 06-12 11:59:01 [debug_utils.py:49] [gemma4-graph-debug] moe prepare mc2 tp_rank=0/2 global_actual=8 global_padded=8 local_start=0 local_active=4 local_total=4 mask_numel=4 replace_allreduce=False shared_expert_dp=False
(Worker_TP0_EP0 pid=209281) INFO 06-12 11:59:01 [fused_moe.py:96] Masking padded MoE tokens in graph mode: layer=language_model.model.layers.10.moe.experts activation=MoEActivation.GELU_TANH moe_comm_type=MoECommType.MC2 num_actual_tokens=8 total=4
(Worker_TP0_EP0 pid=209281) INFO 06-12 11:59:01 [debug_utils.py:49] [gemma4-graph-debug] moe mask layer=language_model.model.layers.10.moe.experts activation=MoEActivation.GELU_TANH capturing=False moe_comm_type=MoECommType.MC2 global_actual=8 local_total=4 mask_numel=4 x_shape=(4, 2816) router_shape=(4, 128)
(Worker_TP1_EP1 pid=209282) INFO 06-12 11:59:01 [debug_utils.py:49] [gemma4-graph-debug] moe prepare mc2 tp_rank=1/2 global_actual=8 global_padded=8 local_start=4 local_active=4 local_total=4 mask_numel=4 replace_allreduce=False shared_expert_dp=False
(Worker_TP1_EP1 pid=209282) INFO 06-12 11:59:01 [debug_utils.py:49] [gemma4-graph-debug] moe mask layer=language_model.model.layers.11.moe.experts activation=MoEActivation.GELU_TANH capturing=False moe_comm_type=MoECommType.MC2 global_actual=8 local_total=4 mask_numel=4 x_shape=(4, 2816) router_shape=(4, 128)
(Worker_TP1_EP1 pid=209282) INFO 06-12 11:59:01 [debug_utils.py:49] [gemma4-graph-debug] moe prepare mc2 tp_rank=1/2 global_actual=8 global_padded=8 local_start=4 local_active=4 local_total=4 mask_numel=4 replace_allreduce=False shared_expert_dp=False
(Worker_TP1_EP1 pid=209282) INFO 06-12 11:59:01 [debug_utils.py:49] [gemma4-graph-debug] moe mask layer=language_model.model.layers.12.moe.experts activation=MoEActivation.GELU_TANH capturing=False moe_comm_type=MoECommType.MC2 global_actual=8 local_total=4 mask_numel=4 x_shape=(4, 2816) router_shape=(4, 128)
(Worker_TP0_EP0 pid=209281) INFO 06-12 11:59:01 [debug_utils.py:49] [gemma4-graph-debug] moe prepare mc2 tp_rank=0/2 global_actual=8 global_padded=8 local_start=0 local_active=4 local_total=4 mask_numel=4 replace_allreduce=False shared_expert_dp=False
(Worker_TP0_EP0 pid=209281) INFO 06-12 11:59:01 [fused_moe.py:96] Masking padded MoE tokens in graph mode: layer=language_model.model.layers.11.moe.experts activation=MoEActivation.GELU_TANH moe_comm_type=MoECommType.MC2 num_actual_tokens=8 total=4
(Worker_TP0_EP0 pid=209281) INFO 06-12 11:59:01 [debug_utils.py:49] [gemma4-graph-debug] moe mask layer=language_model.model.layers.11.moe.experts activation=MoEActivation.GELU_TANH capturing=False moe_comm_type=MoECommType.MC2 global_actual=8 local_total=4 mask_numel=4 x_shape=(4, 2816) router_shape=(4, 128)
(Worker_TP1_EP1 pid=209282) INFO 06-12 11:59:01 [debug_utils.py:49] [gemma4-graph-debug] moe prepare mc2 tp_rank=1/2 global_actual=8 global_padded=8 local_start=4 local_active=4 local_total=4 mask_numel=4 replace_allreduce=False shared_expert_dp=False
(Worker_TP1_EP1 pid=209282) INFO 06-12 11:59:01 [debug_utils.py:49] [gemma4-graph-debug] moe mask layer=language_model.model.layers.13.moe.experts activation=MoEActivation.GELU_TANH capturing=False moe_comm_type=MoECommType.MC2 global_actual=8 local_total=4 mask_numel=4 x_shape=(4, 2816) router_shape=(4, 128)
(Worker_TP0_EP0 pid=209281) INFO 06-12 11:59:01 [debug_utils.py:49] [gemma4-graph-debug] moe prepare mc2 tp_rank=0/2 global_actual=8 global_padded=8 local_start=0 local_active=4 local_total=4 mask_numel=4 replace_allreduce=False shared_expert_dp=False
(Worker_TP0_EP0 pid=209281) INFO 06-12 11:59:01 [fused_moe.py:96] Masking padded MoE tokens in graph mode: layer=language_model.model.layers.12.moe.experts activation=MoEActivation.GELU_TANH moe_comm_type=MoECommType.MC2 num_actual_tokens=8 total=4
(Worker_TP0_EP0 pid=209281) INFO 06-12 11:59:01 [debug_utils.py:49] [gemma4-graph-debug] moe mask layer=language_model.model.layers.12.moe.experts activation=MoEActivation.GELU_TANH capturing=False moe_comm_type=MoECommType.MC2 global_actual=8 local_total=4 mask_numel=4 x_shape=(4, 2816) router_shape=(4, 128)
(Worker_TP1_EP1 pid=209282) INFO 06-12 11:59:01 [debug_utils.py:49] [gemma4-graph-debug] moe prepare mc2 tp_rank=1/2 global_actual=8 global_padded=8 local_start=4 local_active=4 local_total=4 mask_numel=4 replace_allreduce=False shared_expert_dp=False
(Worker_TP1_EP1 pid=209282) INFO 06-12 11:59:01 [debug_utils.py:49] [gemma4-graph-debug] moe mask layer=language_model.model.layers.14.moe.experts activation=MoEActivation.GELU_TANH capturing=False moe_comm_type=MoECommType.MC2 global_actual=8 local_total=4 mask_numel=4 x_shape=(4, 2816) router_shape=(4, 128)
(Worker_TP0_EP0 pid=209281) INFO 06-12 11:59:01 [debug_utils.py:49] [gemma4-graph-debug] moe prepare mc2 tp_rank=0/2 global_actual=8 global_padded=8 local_start=0 local_active=4 local_total=4 mask_numel=4 replace_allreduce=False shared_expert_dp=False
(Worker_TP0_EP0 pid=209281) INFO 06-12 11:59:01 [fused_moe.py:96] Masking padded MoE tokens in graph mode: layer=language_model.model.layers.13.moe.experts activation=MoEActivation.GELU_TANH moe_comm_type=MoECommType.MC2 num_actual_tokens=8 total=4
(Worker_TP0_EP0 pid=209281) INFO 06-12 11:59:01 [debug_utils.py:49] [gemma4-graph-debug] moe mask layer=language_model.model.layers.13.moe.experts activation=MoEActivation.GELU_TANH capturing=False moe_comm_type=MoECommType.MC2 global_actual=8 local_total=4 mask_numel=4 x_shape=(4, 2816) router_shape=(4, 128)
(Worker_TP1_EP1 pid=209282) INFO 06-12 11:59:01 [debug_utils.py:49] [gemma4-graph-debug] moe prepare mc2 tp_rank=1/2 global_actual=8 global_padded=8 local_start=4 local_active=4 local_total=4 mask_numel=4 replace_allreduce=False shared_expert_dp=False
(Worker_TP1_EP1 pid=209282) INFO 06-12 11:59:01 [debug_utils.py:49] [gemma4-graph-debug] moe mask layer=language_model.model.layers.15.moe.experts activation=MoEActivation.GELU_TANH capturing=False moe_comm_type=MoECommType.MC2 global_actual=8 local_total=4 mask_numel=4 x_shape=(4, 2816) router_shape=(4, 128)
(Worker_TP0_EP0 pid=209281) INFO 06-12 11:59:01 [debug_utils.py:49] [gemma4-graph-debug] moe prepare mc2 tp_rank=0/2 global_actual=8 global_padded=8 local_start=0 local_active=4 local_total=4 mask_numel=4 replace_allreduce=False shared_expert_dp=False
(Worker_TP0_EP0 pid=209281) INFO 06-12 11:59:01 [fused_moe.py:96] Masking padded MoE tokens in graph mode: layer=language_model.model.layers.14.moe.experts activation=MoEActivation.GELU_TANH moe_comm_type=MoECommType.MC2 num_actual_tokens=8 total=4
(Worker_TP0_EP0 pid=209281) INFO 06-12 11:59:01 [debug_utils.py:49] [gemma4-graph-debug] moe mask layer=language_model.model.layers.14.moe.experts activation=MoEActivation.GELU_TANH capturing=False moe_comm_type=MoECommType.MC2 global_actual=8 local_total=4 mask_numel=4 x_shape=(4, 2816) router_shape=(4, 128)
(Worker_TP1_EP1 pid=209282) INFO 06-12 11:59:01 [debug_utils.py:49] [gemma4-graph-debug] moe prepare mc2 tp_rank=1/2 global_actual=8 global_padded=8 local_start=4 local_active=4 local_total=4 mask_numel=4 replace_allreduce=False shared_expert_dp=False
(Worker_TP1_EP1 pid=209282) INFO 06-12 11:59:01 [debug_utils.py:49] [gemma4-graph-debug] moe mask layer=language_model.model.layers.16.moe.experts activation=MoEActivation.GELU_TANH capturing=False moe_comm_type=MoECommType.MC2 global_actual=8 local_total=4 mask_numel=4 x_shape=(4, 2816) router_shape=(4, 128)
(Worker_TP0_EP0 pid=209281) INFO 06-12 11:59:01 [debug_utils.py:49] [gemma4-graph-debug] moe prepare mc2 tp_rank=0/2 global_actual=8 global_padded=8 local_start=0 local_active=4 local_total=4 mask_numel=4 replace_allreduce=False shared_expert_dp=False
(Worker_TP0_EP0 pid=209281) INFO 06-12 11:59:01 [fused_moe.py:96] Masking padded MoE tokens in graph mode: layer=language_model.model.layers.15.moe.experts activation=MoEActivation.GELU_TANH moe_comm_type=MoECommType.MC2 num_actual_tokens=8 total=4
(Worker_TP0_EP0 pid=209281) INFO 06-12 11:59:01 [debug_utils.py:49] [gemma4-graph-debug] moe mask layer=language_model.model.layers.15.moe.experts activation=MoEActivation.GELU_TANH capturing=False moe_comm_type=MoECommType.MC2 global_actual=8 local_total=4 mask_numel=4 x_shape=(4, 2816) router_shape=(4, 128)
(Worker_TP1_EP1 pid=209282) INFO 06-12 11:59:01 [debug_utils.py:49] [gemma4-graph-debug] moe prepare mc2 tp_rank=1/2 global_actual=8 global_padded=8 local_start=4 local_active=4 local_total=4 mask_numel=4 replace_allreduce=False shared_expert_dp=False
(Worker_TP1_EP1 pid=209282) INFO 06-12 11:59:01 [debug_utils.py:49] [gemma4-graph-debug] moe mask layer=language_model.model.layers.17.moe.experts activation=MoEActivation.GELU_TANH capturing=False moe_comm_type=MoECommType.MC2 global_actual=8 local_total=4 mask_numel=4 x_shape=(4, 2816) router_shape=(4, 128)
(Worker_TP0_EP0 pid=209281) INFO 06-12 11:59:01 [debug_utils.py:49] [gemma4-graph-debug] moe prepare mc2 tp_rank=0/2 global_actual=8 global_padded=8 local_start=0 local_active=4 local_total=4 mask_numel=4 replace_allreduce=False shared_expert_dp=False
(Worker_TP0_EP0 pid=209281) INFO 06-12 11:59:01 [fused_moe.py:96] Masking padded MoE tokens in graph mode: layer=language_model.model.layers.16.moe.experts activation=MoEActivation.GELU_TANH moe_comm_type=MoECommType.MC2 num_actual_tokens=8 total=4
(Worker_TP0_EP0 pid=209281) INFO 06-12 11:59:01 [debug_utils.py:49] [gemma4-graph-debug] moe mask layer=language_model.model.layers.16.moe.experts activation=MoEActivation.GELU_TANH capturing=False moe_comm_type=MoECommType.MC2 global_actual=8 local_total=4 mask_numel=4 x_shape=(4, 2816) router_shape=(4, 128)
